
Discarded input sections

 .data          0x0000000000000000        0x0 crt0.o
 .bss           0x0000000000000000        0x0 crt0.o
 .pdr           0x0000000000000000       0xa0 crt0.o
 .text          0x0000000000000000        0x0 core_list_join.o
 .data          0x0000000000000000        0x0 core_list_join.o
 .bss           0x0000000000000000        0x0 core_list_join.o
 .reginfo       0x0000000000000000       0x18 core_list_join.o
 .pdr           0x0000000000000000      0x180 core_list_join.o
 .text.copy_info
                0x0000000000000000       0x14 core_list_join.o
 .text.core_list_insert_new
                0x0000000000000000       0x74 core_list_join.o
 .text.core_list_remove
                0x0000000000000000       0x28 core_list_join.o
 .text.core_list_undo_remove
                0x0000000000000000       0x24 core_list_join.o
 .text.core_list_reverse
                0x0000000000000000       0x2c core_list_join.o
 .text          0x0000000000000000        0x0 core_main.o
 .data          0x0000000000000000        0x0 core_main.o
 .bss           0x0000000000000000        0x0 core_main.o
 .reginfo       0x0000000000000000       0x18 core_main.o
 .pdr           0x0000000000000000       0x40 core_main.o
 .data.mem_name
                0x0000000000000000        0xc core_main.o
 .text          0x0000000000000000        0x0 core_matrix.o
 .data          0x0000000000000000        0x0 core_matrix.o
 .bss           0x0000000000000000        0x0 core_matrix.o
 .reginfo       0x0000000000000000       0x18 core_matrix.o
 .pdr           0x0000000000000000      0x120 core_matrix.o
 .text.matrix_mul_const
                0x0000000000000000       0x58 core_matrix.o
 .text.matrix_add_const
                0x0000000000000000       0x4c core_matrix.o
 .text          0x0000000000000000        0x0 core_state.o
 .data          0x0000000000000000        0x0 core_state.o
 .bss           0x0000000000000000        0x0 core_state.o
 .reginfo       0x0000000000000000       0x18 core_state.o
 .pdr           0x0000000000000000       0x60 core_state.o
 .text          0x0000000000000000        0x0 core_util.o
 .data          0x0000000000000000        0x0 core_util.o
 .bss           0x0000000000000000        0x0 core_util.o
 .reginfo       0x0000000000000000       0x18 core_util.o
 .pdr           0x0000000000000000       0xc0 core_util.o
 .text.crcu8    0x0000000000000000       0x54 core_util.o
 .text          0x0000000000000000        0x0 libc.o
 .data          0x0000000000000000        0x0 libc.o
 .bss           0x0000000000000000        0x0 libc.o
 .reginfo       0x0000000000000000       0x18 libc.o
 .pdr           0x0000000000000000      0x700 libc.o
 .text.__udivmoddi4.part.1
                0x0000000000000000       0xe8 libc.o
 .text.uart_init
                0x0000000000000000       0x34 libc.o
 .text.delay_ms
                0x0000000000000000      0x124 libc.o
 .text.delay_us
                0x0000000000000000      0x124 libc.o
 .text.interrupt_register
                0x0000000000000000       0x38 libc.o
 .text.exception_handler
                0x0000000000000000        0x8 libc.o
 .text.putchar  0x0000000000000000       0x20 libc.o
 .text.kbhit    0x0000000000000000       0x10 libc.o
 .text.getchar  0x0000000000000000       0x20 libc.o
 .text.strcpy   0x0000000000000000       0x24 libc.o
 .text.strncpy  0x0000000000000000       0x7c libc.o
 .text.strcat   0x0000000000000000       0x48 libc.o
 .text.strncat  0x0000000000000000       0x68 libc.o
 .text.strcmp   0x0000000000000000       0x34 libc.o
 .text.strncmp  0x0000000000000000       0x3c libc.o
 .text.strstr   0x0000000000000000       0x84 libc.o
 .text.strlen   0x0000000000000000       0x34 libc.o
 .text.strchr   0x0000000000000000       0x30 libc.o
 .text.strpbrk  0x0000000000000000       0x40 libc.o
 .text.strsep   0x0000000000000000       0x58 libc.o
 .text.strtok   0x0000000000000000       0xb8 libc.o
 .text.memcpy   0x0000000000000000       0x2c libc.o
 .text.memmove  0x0000000000000000       0x60 libc.o
 .text.memcmp   0x0000000000000000       0x54 libc.o
 .text.memset   0x0000000000000000       0x28 libc.o
 .text.strtol   0x0000000000000000       0xd0 libc.o
 .text.atoi     0x0000000000000000       0xb0 libc.o
 .text.itoa     0x0000000000000000      0x10c libc.o
 .text.puts     0x0000000000000000       0x58 libc.o
 .text.gets     0x0000000000000000       0x58 libc.o
 .text.abs      0x0000000000000000       0x10 libc.o
 .text.random   0x0000000000000000       0x50 libc.o
 .text.srand    0x0000000000000000        0x8 libc.o
 .text.sprintf  0x0000000000000000       0x34 libc.o
 .text.__mulsi3
                0x0000000000000000       0x28 libc.o
 .text.__muldsi3
                0x0000000000000000       0x70 libc.o
 .text.__muldi3
                0x0000000000000000       0xa0 libc.o
 .text.__divsi3
                0x0000000000000000       0x78 libc.o
 .text.__modsi3
                0x0000000000000000       0x88 libc.o
 .text.__ashldi3
                0x0000000000000000       0x3c libc.o
 .text.__ashrdi3
                0x0000000000000000       0x44 libc.o
 .text.__lshrdi3
                0x0000000000000000       0x3c libc.o
 .text.__udivmoddi4
                0x0000000000000000       0x3c libc.o
 .text.__umoddi3
                0x0000000000000000       0x30 libc.o
 .text.__udivdi3
                0x0000000000000000       0x44 libc.o
 .text.__moddi3
                0x0000000000000000       0xac libc.o
 .text.__divdi3
                0x0000000000000000       0xe8 libc.o
 .sbss.last.1228
                0x0000000000000000        0x4 libc.o
 .sdata.rand1   0x0000000000000000        0x4 libc.o
 .text          0x0000000000000000        0x0 core_portme.o
 .data          0x0000000000000000        0x0 core_portme.o
 .bss           0x0000000000000000        0x0 core_portme.o
 .reginfo       0x0000000000000000       0x18 core_portme.o
 .pdr           0x0000000000000000       0xe0 core_portme.o
 .text.barebones_clock
                0x0000000000000000       0x10 core_portme.o

Memory Configuration

Name             Origin             Length             Attributes
rom              0x0000000000000000 0x0000000010000000
ram              0x0000000040000000 0x0000000010000000
ram_top          0x000000004ffffc00 0x0000000000000400
*default*        0x0000000000000000 0xffffffffffffffff

Linker script and memory map

                0x000000004ffffffc                _stack = 0x4ffffffc
                0x0000000000000000                . = 0x0

.text           0x0000000040000000     0x26f0
                0x0000000040000000                _text = .
 *(.text)
 .text          0x0000000040000000      0x28c crt0.o
                0x0000000040000000                _entry
                0x0000000040000100                _isr
                0x0000000040000208                _interrupt_set
                0x000000004000021c                setjmp
                0x0000000040000254                longjmp
 *(.text.*)
 .text.cmp_idx  0x000000004000028c       0x58 core_list_join.o
                0x000000004000028c                cmp_idx
 .text.calc_func
                0x00000000400002e4      0x168 core_list_join.o
                0x00000000400002e4                calc_func
 .text.cmp_complex
                0x000000004000044c       0x4c core_list_join.o
                0x000000004000044c                cmp_complex
 .text.core_list_find
                0x0000000040000498       0x98 core_list_join.o
                0x0000000040000498                core_list_find
 .text.core_list_mergesort
                0x0000000040000530      0x15c core_list_join.o
                0x0000000040000530                core_list_mergesort
 .text.core_bench_list
                0x000000004000068c      0x264 core_list_join.o
                0x000000004000068c                core_bench_list
 .text.core_list_init
                0x00000000400008f0      0x198 core_list_join.o
                0x00000000400008f0                core_list_init
 .text.iterate  0x0000000040000a88       0xa0 core_main.o
                0x0000000040000a88                iterate
 .text.startup.main
                0x0000000040000b28      0x7a4 core_main.o
                0x0000000040000b28                main
 .text.core_init_matrix
                0x00000000400012cc      0x138 core_matrix.o
                0x00000000400012cc                core_init_matrix
 .text.matrix_sum
                0x0000000040001404       0x90 core_matrix.o
                0x0000000040001404                matrix_sum
 .text.matrix_mul_vect
                0x0000000040001494       0x54 core_matrix.o
                0x0000000040001494                matrix_mul_vect
 .text.matrix_mul_matrix
                0x00000000400014e8       0x70 core_matrix.o
                0x00000000400014e8                matrix_mul_matrix
 .text.matrix_mul_matrix_bitextract
                0x0000000040001558       0x88 core_matrix.o
                0x0000000040001558                matrix_mul_matrix_bitextract
 .text.matrix_test
                0x00000000400015e0      0x1e8 core_matrix.o
                0x00000000400015e0                matrix_test
 .text.core_bench_matrix
                0x00000000400017c8       0x54 core_matrix.o
                0x00000000400017c8                core_bench_matrix
 .text.core_init_state
                0x000000004000181c      0x170 core_state.o
                0x000000004000181c                core_init_state
 .text.core_state_transition
                0x000000004000198c      0x24c core_state.o
                0x000000004000198c                core_state_transition
 .text.core_bench_state
                0x0000000040001bd8      0x200 core_state.o
                0x0000000040001bd8                core_bench_state
 .text.get_seed_32
                0x0000000040001dd8       0x68 core_util.o
                0x0000000040001dd8                get_seed_32
 .text.crcu16   0x0000000040001e40       0xa8 core_util.o
                0x0000000040001e40                crcu16
 .text.crcu32   0x0000000040001ee8       0x34 core_util.o
                0x0000000040001ee8                crcu32
 .text.crc16    0x0000000040001f1c        0xc core_util.o
                0x0000000040001f1c                crc16
 .text.check_data_types
                0x0000000040001f28        0x8 core_util.o
                0x0000000040001f28                check_data_types
 .text.printchar.part.0
                0x0000000040001f30       0x20 libc.o
 .text.prints   0x0000000040001f50      0x1a8 libc.o
 .text.printi   0x00000000400020f8      0x1ac libc.o
 .text.print    0x00000000400022a4      0x2ac libc.o
 .text.interrupt_handler
                0x0000000040002550       0x64 libc.o
                0x0000000040002550                interrupt_handler
 .text.printf   0x00000000400025b4       0x3c libc.o
                0x00000000400025b4                printf
 .text.__udivmodsi4
                0x00000000400025f0       0x8c libc.o
                0x00000000400025f0                __udivmodsi4
 .text.__udivsi3
                0x000000004000267c        0x8 libc.o
                0x000000004000267c                __udivsi3
 .text.__umodsi3
                0x0000000040002684        0x8 libc.o
                0x0000000040002684                __umodsi3
 .text.start_time
                0x000000004000268c       0x10 core_portme.o
                0x000000004000268c                start_time
 .text.stop_time
                0x000000004000269c       0x10 core_portme.o
                0x000000004000269c                stop_time
 .text.get_time
                0x00000000400026ac       0x10 core_portme.o
                0x00000000400026ac                get_time
 .text.time_in_secs
                0x00000000400026bc       0x20 core_portme.o
                0x00000000400026bc                time_in_secs
 .text.portable_init
                0x00000000400026dc        0xc core_portme.o
                0x00000000400026dc                portable_init
 .text.portable_fini
                0x00000000400026e8        0x8 core_portme.o
                0x00000000400026e8                portable_fini
                0x00000000400026f0                _etext = .

.rodata         0x00000000400026f0      0x718
                0x00000000400026f0                _rodata = .
 *(.rodata)
 *(.rodata.*)
 .rodata.str1.4
                0x00000000400026f0      0x566 core_main.o
                                        0x568 (size before relaxing)
 *fill*         0x0000000040002c56        0x2 
 .rodata.state_known_crc
                0x0000000040002c58        0xc core_main.o
 .rodata.matrix_known_crc
                0x0000000040002c64        0xc core_main.o
 .rodata.list_known_crc
                0x0000000040002c70        0xc core_main.o
 .rodata.core_init_state
                0x0000000040002c7c       0x14 core_state.o
 .rodata.core_state_transition
                0x0000000040002c90       0x20 core_state.o
 .rodata.str1.4
                0x0000000040002cb0       0xad core_state.o
                                         0xb0 (size before relaxing)
 *fill*         0x0000000040002d5d        0x3 
 .rodata.errpat
                0x0000000040002d60       0x10 core_state.o
 .rodata.scipat
                0x0000000040002d70       0x10 core_state.o
 .rodata.floatpat
                0x0000000040002d80       0x10 core_state.o
 .rodata.intpat
                0x0000000040002d90       0x10 core_state.o
 .rodata.get_seed_32
                0x0000000040002da0       0x18 core_util.o
 .rodata.str1.4
                0x0000000040002db8       0x50 libc.o
                0x0000000040002e08                _erodata = .

.data           0x0000000040002e08        0x8
                0x0000000040002e08                _data = .
 *(.data)
 *(.data.*)
                0x0000000040002e10                . = ALIGN (0x10)
 *fill*         0x0000000040002e08        0x8 
                0x000000004000ae00                _gp = (. + 0x7ff0)

.sdata.default_num_contexts
                0x0000000040002e10        0x4
 .sdata.default_num_contexts
                0x0000000040002e10        0x4 core_portme.o
                0x0000000040002e10                default_num_contexts

.sdata.seed4_volatile
                0x0000000040002e14        0x4
 .sdata.seed4_volatile
                0x0000000040002e14        0x4 core_portme.o
                0x0000000040002e14                seed4_volatile

.sdata.seed3_volatile
                0x0000000040002e18        0x4
 .sdata.seed3_volatile
                0x0000000040002e18        0x4 core_portme.o
                0x0000000040002e18                seed3_volatile

.got
 *(.got)
 *(.got.*)
                0x0000000040002e1c                _edata = .

.bss            0x0000000040002e1c       0x94
                0x0000000040002e1c                _bss_start = .
 *(.sbss)
 *(.sbss.*)
 .sbss.stop_time_val
                0x0000000040002e1c        0x4 core_portme.o
 .sbss.start_time_val
                0x0000000040002e20        0x4 core_portme.o
 .sbss.seed5_volatile
                0x0000000040002e24        0x4 core_portme.o
                0x0000000040002e24                seed5_volatile
 .sbss.seed2_volatile
                0x0000000040002e28        0x4 core_portme.o
                0x0000000040002e28                seed2_volatile
 .sbss.seed1_volatile
                0x0000000040002e2c        0x4 core_portme.o
                0x0000000040002e2c                seed1_volatile
 *(.bss)
 *(.bss.*)
 .bss.isr       0x0000000040002e30       0x80 libc.o
                0x0000000040002eb0                . = ALIGN (0x4)
                0x0000000040002eb0                _bss_end = .
                0x0000000040002eb0                _end = .
LOAD crt0.o
LOAD core_list_join.o
LOAD core_main.o
LOAD core_matrix.o
LOAD core_state.o
LOAD core_util.o
LOAD libc.o
LOAD core_portme.o
OUTPUT(test.axf elf32-bigmips)

.reginfo        0x0000000000000000       0x18
 .reginfo       0x0000000000000000       0x18 crt0.o

.mdebug.abi32   0x0000000000000000        0x0
 .mdebug.abi32  0x0000000000000000        0x0 core_list_join.o
 .mdebug.abi32  0x0000000000000000        0x0 core_main.o
 .mdebug.abi32  0x0000000000000000        0x0 core_matrix.o
 .mdebug.abi32  0x0000000000000000        0x0 core_state.o
 .mdebug.abi32  0x0000000000000000        0x0 core_util.o
 .mdebug.abi32  0x0000000000000000        0x0 libc.o
 .mdebug.abi32  0x0000000000000000        0x0 core_portme.o

.comment        0x0000000000000000       0x11
 .comment       0x0000000000000000       0x11 core_list_join.o
                                         0x12 (size before relaxing)
 .comment       0x0000000000000000       0x12 core_main.o
 .comment       0x0000000000000000       0x12 core_matrix.o
 .comment       0x0000000000000000       0x12 core_state.o
 .comment       0x0000000000000000       0x12 core_util.o
 .comment       0x0000000000000000       0x12 libc.o
 .comment       0x0000000000000000       0x12 core_portme.o

.gnu.attributes
                0x0000000000000000       0x10
 .gnu.attributes
                0x0000000000000000       0x10 core_list_join.o
 .gnu.attributes
                0x0000000000000010       0x10 core_main.o
 .gnu.attributes
                0x0000000000000020       0x10 core_matrix.o
 .gnu.attributes
                0x0000000000000030       0x10 core_state.o
 .gnu.attributes
                0x0000000000000040       0x10 core_util.o
 .gnu.attributes
                0x0000000000000050       0x10 libc.o
 .gnu.attributes
                0x0000000000000060       0x10 core_portme.o
